.footer-socials-title